WARNING: We recommend using a newer Android Gradle plugin to use compileSdk = 36

This Android Gradle plugin (8.8.0) was tested up to compileSdk = 35.

You are strongly encouraged to update your project to use a newer
Android Gradle plugin that has been tested with compileSdk = 36.

If you are already using the latest version of the Android Gradle plugin,
you may need to wait until a newer version with support for compileSdk = 36 is available.

For more information refer to the compatibility table:
https://d.android.com/r/tools/api-level-support

To suppress this warning, add/update
    android.suppressUnsupportedCompileSdk=36
to this project's gradle.properties.
> Task :app:checkKotlinGradlePluginConfigurationErrors SKIPPED
> Task :app:preBuild UP-TO-DATE
> Task :app:preDebugBuild UP-TO-DATE
> Task :app:checkDebugAarMetadata UP-TO-DATE
> Task :app:generateDebugResValues UP-TO-DATE
> Task :app:mapDebugSourceSetPaths UP-TO-DATE
> Task :app:generateDebugResources UP-TO-DATE
> Task :app:mergeDebugResources UP-TO-DATE
> Task :app:packageDebugResources UP-TO-DATE
> Task :app:parseDebugLocalResources UP-TO-DATE
> Task :app:createDebugCompatibleScreenManifests UP-TO-DATE
> Task :app:extractDeepLinksDebug UP-TO-DATE
> Task :app:processDebugMainManifest UP-TO-DATE
> Task :app:processDebugManifest UP-TO-DATE
> Task :app:processDebugManifestForPackage UP-TO-DATE
> Task :app:processDebugResources UP-TO-DATE
> Task :app:kspDebugKotlin UP-TO-DATE
> Task :app:copyRoomSchemas NO-SOURCE

> Task :app:compileDebugKotlin FAILED
e: file:///Users/veekshith/AndroidStudioProjects/NightmareHorde/app/src/main/java/app/krafted/nightmarehorde/game/entities/AmmoPickup.kt:27:17 No parameter with name 'isTrigger' found.
e: file:///Users/veekshith/AndroidStudioProjects/NightmareHorde/app/src/main/java/app/krafted/nightmarehorde/game/entities/ProjectileEntity.kt:21:80 Unresolved reference 'angle'.
e: file:///Users/veekshith/AndroidStudioProjects/NightmareHorde/app/src/main/java/app/krafted/nightmarehorde/game/systems/AmmoSystem.kt:14:27 Unresolved reference 'GameLoop'.
e: file:///Users/veekshith/AndroidStudioProjects/NightmareHorde/app/src/main/java/app/krafted/nightmarehorde/game/systems/AmmoSystem.kt:52:22 Unresolved reference 'removeEntity'.

[Incubating] Problems report is available at: file:///Users/veekshith/AndroidStudioProjects/NightmareHorde/build/reports/problems/problems-report.html

FAILURE: Build failed with an exception.

* What went wrong:
Execution failed for task ':app:compileDebugKotlin'.
> A failure occurred while executing org.jetbrains.kotlin.compilerRunner.GradleCompilerRunnerWithWorkers$GradleKotlinCompilerWorkAction
   > Compilation error. See log for more details

* Try:
> Run with --stacktrace option to get the stack trace.
> Run with --info or --debug option to get more log output.
> Run with --scan to get full insights from a Build Scan (powered by Develocity).
> Get more help at https://help.gradle.org.

Deprecated Gradle features were used in this build, making it incompatible with Gradle 10.

You can use '--warning-mode all' to show the individual deprecation warnings and determine if they come from your own scripts or plugins.

For more on this, please refer to https://docs.gradle.org/9.3.1/userguide/command_line_interface.html#sec:command_line_warnings in the Gradle documentation.

BUILD FAILED in 17s
15 actionable tasks: 1 executed, 14 up-to-date
